  Spexts -> C:\Users\Keen\.gemini\antigravity\scratch\Spexts\bin\Debug\net8.0-windows\win-x64\Spexts.dll

Build succeeded.
    0 Warning(s)
    0 Error(s)

Time Elapsed 00:00:00.50
